---
source: crates/lute-compile/tests/e2e.rs
expression: json
---
{
  "kind": "quest",
  "lute": "0.36.1",
  "irVersion": "0.36.1",
  "capabilityVersion": "f78bb8efcaab8c3ea4ccf1bbee976a80596a04b1aca59fbe74123abfa1f55225",
  "requiredSemantics": [
    "lute.core/1",
    "lute.quest.lifecycle/1",
    "lute.quest.rewards/1"
  ],
  "meta": {
    "title": "Act 1 — Emerald Grove"
  },
  "state": [
    {
      "path": "quest.findMissingScouts.activatedAt",
      "type": "narrativeTime",
      "provenance": "quest:findMissingScouts"
    },
    {
      "path": "quest.findMissingScouts.objectives.findScouts.done",
      "type": "bool",
      "default": false,
      "provenance": "quest:findMissingScouts"
    },
    {
      "path": "quest.findMissingScouts.state",
      "type": "enum",
      "domain": [
        "active",
        "complete",
        "failed",
        "unset"
      ],
      "provenance": "quest:findMissingScouts"
    },
    {
      "path": "quest.rescueHalsinGrove.activatedAt",
      "type": "narrativeTime",
      "provenance": "quest:rescueHalsinGrove"
    },
    {
      "path": "quest.rescueHalsinGrove.objectives.freeHalsin.done",
      "type": "bool",
      "default": false,
      "provenance": "quest:rescueHalsinGrove"
    },
    {
      "path": "quest.rescueHalsinGrove.objectives.reachGrove.done",
      "type": "bool",
      "default": false,
      "provenance": "quest:rescueHalsinGrove"
    },
    {
      "path": "quest.rescueHalsinGrove.state",
      "type": "enum",
      "domain": [
        "active",
        "complete",
        "failed",
        "unset"
      ],
      "provenance": "quest:rescueHalsinGrove"
    },
    {
      "path": "run.act",
      "type": "int",
      "default": 0
    },
    {
      "path": "run.groveOutcome",
      "type": "string",
      "default": ""
    },
    {
      "path": "run.metHalsin",
      "type": "bool",
      "default": false
    },
    {
      "path": "run.npc.halsin.dead",
      "type": "bool",
      "default": false
    },
    {
      "path": "run.npc.halsin.freed",
      "type": "bool",
      "default": false
    },
    {
      "path": "run.region",
      "type": "string",
      "default": ""
    },
    {
      "path": "run.scouts.found",
      "type": "int",
      "default": 0
    },
    {
      "path": "user.reputation.grove",
      "type": "int",
      "default": 0
    },
    {
      "path": "user.xp",
      "type": "int",
      "default": 0
    }
  ],
  "commands": [
    {
      "kind": "quest",
      "addr": "001-0100",
      "id": "rescueHalsinGrove",
      "title": "Rescue the First Druid",
      "titleLineId": "rescueHalsinGrove.title",
      "start": {
        "cel": "run.act == 1",
        "expr": {
          "op": "==",
          "l": {
            "path": "run.act"
          },
          "r": {
            "int": 1
          }
        }
      },
      "fail": {
        "cel": "run.npc.halsin.dead",
        "expr": {
          "path": "run.npc.halsin.dead"
        }
      },
      "objectives": [
        {
          "id": "reachGrove",
          "title": "Reach the Emerald Grove",
          "titleLineId": "rescueHalsinGrove.reachGrove",
          "done": {
            "cel": "run.region == 'grove'",
            "expr": {
              "op": "==",
              "l": {
                "path": "run.region"
              },
              "r": {
                "string": "grove"
              }
            }
          },
          "optional": false,
          "body": null
        },
        {
          "id": "freeHalsin",
          "title": "Free Halsin from the cage",
          "titleLineId": "rescueHalsinGrove.freeHalsin",
          "done": {
            "cel": "run.npc.halsin.freed",
            "expr": {
              "path": "run.npc.halsin.freed"
            }
          },
          "optional": false,
          "body": null,
          "rewards": [
            {
              "kind": "XP",
              "amount": 50
            }
          ]
        }
      ],
      "rewards": [
        {
          "kind": "XP",
          "amount": 300
        },
        {
          "kind": "REPUTATION",
          "target": "grove",
          "amount": 1,
          "outcome": "failed"
        }
      ],
      "tier": "run"
    },
    {
      "kind": "on",
      "addr": "001-0200",
      "event": "questComplete",
      "body": "001-0300"
    },
    {
      "kind": "set",
      "addr": "001-0300",
      "path": "user.xp",
      "op": "+=",
      "value": {
        "cel": "300",
        "expr": {
          "int": 300
        }
      }
    },
    {
      "kind": "set",
      "addr": "001-0400",
      "path": "run.metHalsin",
      "op": "=",
      "value": {
        "cel": "true",
        "expr": {
          "bool": true
        }
      }
    },
    {
      "kind": "line",
      "addr": "001-0500",
      "role": "narration",
      "speaker": "narrator",
      "text": "Halsin rolled his shoulders and looked north. \"Moonrise, then.\"",
      "lineId": "rescueHalsinGrove.narrator_0010"
    },
    {
      "kind": "on",
      "addr": "001-0600",
      "event": "questFailed",
      "body": "001-0700"
    },
    {
      "kind": "set",
      "addr": "001-0700",
      "path": "run.groveOutcome",
      "op": "=",
      "value": {
        "cel": "\"halsinDead\"",
        "expr": {
          "string": "halsinDead"
        }
      }
    },
    {
      "kind": "line",
      "addr": "001-0800",
      "role": "narration",
      "speaker": "narrator",
      "text": "The cage held only silence now.",
      "lineId": "rescueHalsinGrove.narrator_0020"
    },
    {
      "kind": "quest",
      "addr": "002-0100",
      "id": "findMissingScouts",
      "title": "The Missing Scouts",
      "titleLineId": "findMissingScouts.title",
      "start": {
        "cel": "run.metHalsin",
        "expr": {
          "path": "run.metHalsin"
        }
      },
      "objectives": [
        {
          "id": "findScouts",
          "title": "Find the missing scouts",
          "titleLineId": "findMissingScouts.findScouts",
          "done": {
            "cel": "run.scouts.found >= 3",
            "expr": {
              "op": ">=",
              "l": {
                "path": "run.scouts.found"
              },
              "r": {
                "int": 3
              }
            }
          },
          "optional": false,
          "body": null
        }
      ],
      "tier": "run"
    },
    {
      "kind": "on",
      "addr": "002-0200",
      "event": "questComplete",
      "body": "002-0300"
    },
    {
      "kind": "set",
      "addr": "002-0300",
      "path": "user.reputation.grove",
      "op": "+=",
      "value": {
        "cel": "1",
        "expr": {
          "int": 1
        }
      }
    }
  ],
  "outsideRun": [],
  "celEnv": {
    "variables": [
      {
        "name": "run",
        "type": "map(string, dyn)"
      }
    ],
    "functions": []
  }
}
