---
source: crates/lute-compile/tests/e2e.rs
expression: json
---
{
  "kind": "quest",
  "lute": "0.37.0",
  "irVersion": "0.37.0",
  "capabilitySnapshot": "babc470773a644da19930785b89f402d4b8116530bd6b16533110de4b2a7a80a",
  "requiredSemantics": [
    "lute.core/1",
    "lute.quest.lifecycle/1",
    "lute.quest.rewards/1"
  ],
  "meta": {},
  "state": [
    {
      "path": "quest.rescueHalsin.activatedAt",
      "type": "narrativeTime",
      "provenance": "quest:rescueHalsin"
    },
    {
      "path": "quest.rescueHalsin.objectives.freeHalsin.done",
      "type": "bool",
      "default": false,
      "provenance": "quest:rescueHalsin"
    },
    {
      "path": "quest.rescueHalsin.objectives.reachGrove.done",
      "type": "bool",
      "default": false,
      "provenance": "quest:rescueHalsin"
    },
    {
      "path": "quest.rescueHalsin.state",
      "type": "enum",
      "domain": [
        "active",
        "complete",
        "failed",
        "unset"
      ],
      "provenance": "quest:rescueHalsin"
    },
    {
      "path": "run.act",
      "type": "bool",
      "default": false
    },
    {
      "path": "run.dead",
      "type": "bool",
      "default": false
    },
    {
      "path": "run.freed",
      "type": "bool",
      "default": false
    },
    {
      "path": "run.region",
      "type": "bool",
      "default": false
    }
  ],
  "commands": [
    {
      "kind": "quest",
      "family": "declaration",
      "position": "001-0100",
      "id": "rescueHalsin",
      "title": "Rescue",
      "titleLineId": "rescueHalsin.title",
      "start": {
        "cel": "run.act",
        "expr": {
          "path": "run.act"
        }
      },
      "fail": {
        "cel": "run.dead",
        "expr": {
          "path": "run.dead"
        }
      },
      "objectives": [
        {
          "id": "reachGrove",
          "title": "Reach the Grove",
          "titleLineId": "rescueHalsin.reachGrove",
          "done": {
            "cel": "run.region",
            "expr": {
              "path": "run.region"
            }
          },
          "optional": false,
          "body": null,
          "rewards": [
            {
              "kind": "XP",
              "amount": 1
            },
            {
              "kind": "ITEM",
              "target": "map",
              "amount": 1
            }
          ]
        },
        {
          "id": "freeHalsin",
          "title": "Free Halsin",
          "titleLineId": "rescueHalsin.freeHalsin",
          "done": {
            "cel": "run.freed",
            "expr": {
              "path": "run.freed"
            }
          },
          "optional": false,
          "body": null
        }
      ],
      "rewards": [
        {
          "kind": "XP",
          "amount": 100
        },
        {
          "kind": "GOLD",
          "target": "party",
          "amountMin": 50,
          "amountMax": 200,
          "when": {
            "cel": "run.freed",
            "expr": {
              "path": "run.freed"
            }
          }
        },
        {
          "kind": "TROPHY",
          "target": "halsin",
          "amount": 1,
          "outcome": "failed"
        }
      ]
    }
  ],
  "outsideRun": [],
  "celEnv": {
    "variables": [
      {
        "name": "run",
        "type": "map(string, dyn)"
      }
    ],
    "functions": []
  }
}
