---
source: crates/lute-compile/tests/e2e.rs
expression: json
---
{
  "kind": "quest",
  "lute": "0.37.0",
  "irVersion": "0.37.0",
  "capabilitySnapshot": "babc470773a644da19930785b89f402d4b8116530bd6b16533110de4b2a7a80a",
  "requiredSemantics": [
    "lute.core/1",
    "lute.quest.lifecycle/1"
  ],
  "meta": {
    "id": "haven.quests.shed"
  },
  "state": [
    {
      "path": "quest.calmTheShed.activatedAt",
      "type": "narrativeTime",
      "provenance": "quest:calmTheShed"
    },
    {
      "path": "quest.calmTheShed.objectives.heardVesna.done",
      "type": "bool",
      "default": false,
      "provenance": "quest:calmTheShed"
    },
    {
      "path": "quest.calmTheShed.objectives.lowPressure.done",
      "type": "bool",
      "default": false,
      "provenance": "quest:calmTheShed"
    },
    {
      "path": "quest.calmTheShed.state",
      "type": "enum",
      "domain": [
        "active",
        "complete",
        "failed",
        "unset"
      ],
      "provenance": "quest:calmTheShed"
    },
    {
      "path": "run.shedPressure",
      "type": "int",
      "default": 0
    }
  ],
  "commands": [
    {
      "kind": "quest",
      "family": "declaration",
      "position": "001-0100",
      "id": "calmTheShed",
      "title": "Calm the shed",
      "titleLineId": "calmTheShed.title",
      "objectives": [
        {
          "id": "heardVesna",
          "title": "Hear Vesna out",
          "titleLineId": "calmTheShed.heardVesna",
          "done": {
            "cel": "visited('haven.s01ep04')",
            "expr": {
              "call": "visited",
              "args": [
                {
                  "string": "haven.s01ep04"
                }
              ]
            }
          },
          "optional": false,
          "body": null
        },
        {
          "id": "lowPressure",
          "title": "Keep the shed calm",
          "titleLineId": "calmTheShed.lowPressure",
          "done": {
            "cel": "run.shedPressure < 2",
            "expr": {
              "op": "<",
              "l": {
                "path": "run.shedPressure"
              },
              "r": {
                "int": 2
              }
            }
          },
          "optional": false,
          "body": null,
          "on": "runEnd"
        }
      ],
      "tier": "run"
    }
  ],
  "outsideRun": [],
  "celEnv": {
    "variables": [
      {
        "name": "run",
        "type": "map(string, dyn)"
      }
    ],
    "functions": [
      {
        "name": "visited",
        "overloads": [
          {
            "params": [
              "string"
            ],
            "result": "bool"
          }
        ]
      }
    ]
  }
}
