---
source: crates/lute-compile/tests/e2e.rs
expression: json
---
{
  "kind": "scene",
  "lute": "0.39.0",
  "irVersion": "0.39.0",
  "capabilitySnapshot": "babc470773a644da19930785b89f402d4b8116530bd6b16533110de4b2a7a80a",
  "requiredSemantics": [
    "lute.core/1",
    "lute.quest.lifecycle/1"
  ],
  "meta": {
    "id": "haven.s01ep04",
    "title": "Vesna's request"
  },
  "state": [
    {
      "path": "scene.choices.request",
      "type": "enum",
      "domain": [
        "accept",
        "decline",
        "unset"
      ],
      "default": "unset",
      "provenance": "branch:request"
    }
  ],
  "commands": [
    {
      "kind": "line",
      "family": "content",
      "position": "001-0100",
      "role": "dialogue",
      "speaker": "vesna",
      "text": "The pressure in the shed keeps climbing. Will you help?",
      "lineId": "haven.s01ep04.vesna_0010",
      "voiceKey": "haven.s01ep04.vesna-0010"
    },
    {
      "kind": "choice",
      "family": "control",
      "position": "001-0200",
      "branchId": "request",
      "selectionKey": "scene.choices.request",
      "options": [
        {
          "id": "accept",
          "text": "I'll keep it calm",
          "lineId": "haven.s01ep04.request.accept",
          "target": "001-0300"
        },
        {
          "id": "decline",
          "text": "Not now",
          "lineId": "haven.s01ep04.request.decline",
          "target": "001-0600"
        }
      ],
      "converge": "001-0800"
    },
    {
      "kind": "accept",
      "family": "declaration",
      "position": "001-0300",
      "quest": "calmTheShed"
    },
    {
      "kind": "line",
      "family": "content",
      "position": "001-0400",
      "role": "dialogue",
      "speaker": "vesna",
      "text": "Thank you.",
      "lineId": "haven.s01ep04.vesna_0020",
      "voiceKey": "haven.s01ep04.vesna-0020"
    },
    {
      "kind": "jump",
      "family": "control",
      "position": "001-0500",
      "target": "001-0800"
    },
    {
      "kind": "line",
      "family": "content",
      "position": "001-0600",
      "role": "dialogue",
      "speaker": "vesna",
      "text": "Another time, then.",
      "lineId": "haven.s01ep04.vesna_0030",
      "voiceKey": "haven.s01ep04.vesna-0030"
    },
    {
      "kind": "jump",
      "family": "control",
      "position": "001-0700",
      "target": "001-0800"
    }
  ],
  "sections": [
    {
      "section": 1,
      "heading": "The shed"
    }
  ],
  "outsideRun": [],
  "celEnv": {
    "variables": [],
    "functions": []
  }
}
