---
source: crates/lute-compile/tests/e2e.rs
expression: json
---
{
  "kind": "lore",
  "lute": "0.24.0",
  "irVersion": "0.24.0",
  "capabilityVersion": "0ab99b80a3a3ed52af7fdef5cc3e31a663f9fd6eb2408ccf967ec51a54a1e4f3",
  "meta": {
    "title": "Ship's records"
  },
  "state": [
    {
      "path": "entry.emptyShelf.read",
      "type": "bool",
      "default": false,
      "provenance": "entry:emptyShelf"
    },
    {
      "path": "entry.rustyKey.read",
      "type": "bool",
      "default": false,
      "provenance": "entry:rustyKey"
    },
    {
      "path": "entry.scientistLog1.read",
      "type": "bool",
      "default": false,
      "provenance": "entry:scientistLog1"
    },
    {
      "path": "entry.scientistLog2.read",
      "type": "bool",
      "default": false,
      "provenance": "entry:scientistLog2"
    },
    {
      "path": "run.labBurned",
      "type": "bool",
      "default": false
    },
    {
      "path": "run.logsRead",
      "type": "number",
      "default": 0
    }
  ],
  "entities": [
    {
      "name": "crew",
      "members": [
        "vesna",
        "scientist"
      ],
      "open": false
    },
    {
      "name": "topic",
      "members": [
        "project_lumen"
      ],
      "open": false
    }
  ],
  "relations": [
    {
      "name": "knows",
      "args": [
        "crew",
        "topic"
      ],
      "tier": "run",
      "derive": false,
      "reserved": false
    }
  ],
  "commands": [
    {
      "kind": "entry",
      "addr": "001-0100",
      "id": "scientistLog1",
      "target": "item.torn_note_1",
      "category": "note",
      "title": "Research log, day 3",
      "titleLineId": "scientistLog1.title",
      "series": "scientistLog",
      "order": 1,
      "body": "001-0200"
    },
    {
      "kind": "line",
      "addr": "001-0200",
      "role": "dialogue",
      "speaker": "scientist",
      "text": "Day three. Subject E does not respond to light.",
      "lineId": "scientistLog1.scientist_0010",
      "voiceKey": "scientistLog1.scientist-0010"
    },
    {
      "kind": "assert",
      "addr": "001-0300",
      "relation": "knows",
      "args": [
        "vesna",
        "project_lumen"
      ]
    },
    {
      "kind": "set",
      "addr": "001-0400",
      "path": "run.logsRead",
      "op": "+=",
      "value": "1",
      "expr": {
        "lit": 1.0
      }
    },
    {
      "kind": "entry",
      "addr": "002-0100",
      "id": "scientistLog2",
      "target": "item.torn_note_2",
      "category": "note",
      "series": "scientistLog",
      "order": 2,
      "when": {
        "raw": "entry.scientistLog1.read",
        "expr": {
          "path": "entry.scientistLog1.read"
        }
      },
      "body": "002-0200"
    },
    {
      "kind": "line",
      "addr": "002-0200",
      "role": "dialogue",
      "speaker": "scientist",
      "text": "Day four. The light was never the point.",
      "lineId": "scientistLog2.scientist_0010",
      "voiceKey": "scientistLog2.scientist-0010"
    },
    {
      "kind": "entry",
      "addr": "003-0100",
      "id": "rustyKey",
      "target": "item.rusty_key",
      "category": "item",
      "body": "003-0200"
    },
    {
      "kind": "match",
      "addr": "003-0200",
      "subject": "run.labBurned",
      "arms": [
        {
          "test": "",
          "target": "003-0300",
          "expr": {
            "op": "==",
            "l": {
              "path": "run.labBurned"
            },
            "r": {
              "lit": true
            }
          }
        }
      ],
      "otherwise": "003-0500",
      "converge": "003-0700"
    },
    {
      "kind": "line",
      "addr": "003-0300",
      "role": "narration",
      "speaker": "narrator",
      "text": "A scorched key. Someone's name has melted into the grip.",
      "lineId": "rustyKey.narrator_0010"
    },
    {
      "kind": "jump",
      "addr": "003-0400",
      "target": "003-0700"
    },
    {
      "kind": "line",
      "addr": "003-0500",
      "role": "narration",
      "speaker": "narrator",
      "text": "A rusty key, stamped \"Research wing B2\".",
      "lineId": "rustyKey.narrator_0020"
    },
    {
      "kind": "jump",
      "addr": "003-0600",
      "target": "003-0700"
    },
    {
      "kind": "entry",
      "addr": "004-0100",
      "id": "emptyShelf",
      "target": "place.lab_b2",
      "category": "place",
      "body": "004-0200"
    }
  ]
}
