---
source: crates/lute-compile/tests/e2e.rs
expression: json
---
{
  "kind": "quest",
  "lute": "0.8.0",
  "irVersion": "0.8.0",
  "capabilityVersion": "78a2f619ac416b39b604b5b0fe4ceff0fdde5a353ae1beeff737fddaf4d58bd3",
  "meta": {},
  "state": [
    {
      "path": "quest.overlookReturn.activatedAt",
      "type": "narrativeTime",
      "provenance": "quest:overlookReturn"
    },
    {
      "path": "quest.overlookReturn.objectives.returned.done",
      "type": "bool",
      "default": false,
      "provenance": "quest:overlookReturn"
    },
    {
      "path": "quest.overlookReturn.state",
      "type": "enum",
      "domain": [
        "active",
        "complete",
        "failed",
        "unset"
      ],
      "provenance": "quest:overlookReturn"
    },
    {
      "path": "run.returnedToOverlook",
      "type": "bool",
      "default": false
    }
  ],
  "commands": [
    {
      "kind": "quest",
      "addr": "001-0100",
      "id": "overlookReturn",
      "title": "Return to the Overlook",
      "titleLineId": "overlookReturn.title",
      "start": {
        "raw": "true",
        "expr": {
          "lit": true
        }
      },
      "objectives": [
        {
          "id": "returned",
          "title": "Return to the overlook",
          "titleLineId": "overlookReturn.returned",
          "done": {
            "raw": "run.returnedToOverlook",
            "expr": {
              "path": "run.returnedToOverlook"
            }
          },
          "optional": false,
          "body": null
        }
      ]
    }
  ],
  "prereqEdges": [
    {
      "node": "overlookReturn",
      "after": "visited('kestrel.s01ep01')"
    }
  ]
}
