---
source: crates/lute-compile/tests/e2e.rs
expression: json
---
{
  "kind": "lore",
  "lute": "0.26.0",
  "irVersion": "0.26.0",
  "capabilityVersion": "0ab99b80a3a3ed52af7fdef5cc3e31a663f9fd6eb2408ccf967ec51a54a1e4f3",
  "meta": {
    "title": "Achilles barks"
  },
  "state": [
    {
      "path": "entry.achillesBark.read",
      "type": "bool",
      "default": false,
      "provenance": "entry:achillesBark"
    },
    {
      "path": "entry.achillesBark3.read",
      "type": "bool",
      "default": false,
      "provenance": "entry:achillesBark3"
    },
    {
      "path": "entry.courtyardPlaque.read",
      "type": "bool",
      "default": false,
      "provenance": "entry:courtyardPlaque"
    },
    {
      "path": "user.runs",
      "type": "number",
      "default": 0
    }
  ],
  "commands": [
    {
      "kind": "entry",
      "addr": "001-0100",
      "id": "achillesBark3",
      "target": "npc.achilles",
      "category": "bark",
      "when": {
        "raw": "user.runs >= 3",
        "expr": {
          "op": ">=",
          "l": {
            "path": "user.runs"
          },
          "r": {
            "lit": 3.0
          }
        }
      },
      "body": "001-0200",
      "on": "talk",
      "priority": 10,
      "once": "user"
    },
    {
      "kind": "line",
      "addr": "001-0200",
      "role": "dialogue",
      "speaker": "achilles",
      "text": "Back again, lad.",
      "lineId": "achillesBark3.achilles_0010",
      "voiceKey": "achillesBark3.achilles-0010"
    },
    {
      "kind": "entry",
      "addr": "002-0100",
      "id": "achillesBark",
      "target": "npc.achilles",
      "category": "bark",
      "body": "002-0200",
      "on": "talk",
      "once": "run"
    },
    {
      "kind": "line",
      "addr": "002-0200",
      "role": "dialogue",
      "speaker": "achilles",
      "text": "Hm.",
      "lineId": "achillesBark.achilles_0010",
      "voiceKey": "achillesBark.achilles-0010"
    },
    {
      "kind": "entry",
      "addr": "003-0100",
      "id": "courtyardPlaque",
      "target": "place.courtyard",
      "category": "place",
      "body": "003-0200"
    },
    {
      "kind": "line",
      "addr": "003-0200",
      "role": "narration",
      "speaker": "narrator",
      "text": "A worn plaque: \"Here the Myrmidons stood.\"",
      "lineId": "courtyardPlaque.narrator_0010"
    }
  ]
}
