---
source: crates/lute-compile/tests/e2e.rs
expression: json
---
{
  "kind": "scene",
  "lute": "0.36.6",
  "irVersion": "0.36.6",
  "capabilityVersion": "f78bb8efcaab8c3ea4ccf1bbee976a80596a04b1aca59fbe74123abfa1f55225",
  "requiredSemantics": [
    "lute.core/1",
    "lute.staging/1"
  ],
  "meta": {
    "id": "demo.s01ep01",
    "character": "demo",
    "season": 1,
    "episode": 1,
    "episodeId": "s01ep01"
  },
  "state": [
    {
      "path": "run.n",
      "type": "int",
      "default": 3
    }
  ],
  "commands": [
    {
      "kind": "line",
      "addr": "001-0100",
      "role": "narration",
      "speaker": "narrator",
      "text": "Outside: grey. Still grey.",
      "lineId": "demo.s01ep01.card#1.narrator_0010",
      "source": {
        "component": "card"
      }
    },
    {
      "kind": "line",
      "addr": "001-0200",
      "role": "narration",
      "speaker": "narrator",
      "text": "Outside: still. Still still.",
      "lineId": "demo.s01ep01.card#2.narrator_0010",
      "source": {
        "component": "card"
      }
    },
    {
      "kind": "line",
      "addr": "001-0300",
      "role": "narration",
      "speaker": "narrator",
      "text": "Def {{@twice}}.",
      "lineId": "demo.s01ep01.narrator_0010",
      "placeholders": [
        {
          "kind": "ref",
          "ref": "@twice",
          "expr": {
            "cel": "(run.n * 2)",
            "expr": {
              "op": "*",
              "l": {
                "path": "run.n"
              },
              "r": {
                "int": 2
              }
            }
          }
        }
      ]
    },
    {
      "kind": "camera",
      "addr": "001-0400",
      "focus": "demo",
      "zoom": 1.3,
      "wait": false
    }
  ],
  "shots": [
    {
      "shot": 1,
      "heading": "One"
    }
  ],
  "outsideRun": [],
  "celEnv": {
    "variables": [
      {
        "name": "run",
        "type": "map(string, dyn)"
      }
    ],
    "functions": []
  }
}
