---
source: crates/lute-compile/tests/e2e.rs
expression: json
---
{
  "kind": "scene",
  "lute": "0.37.0",
  "irVersion": "0.37.0",
  "capabilitySnapshot": "babc470773a644da19930785b89f402d4b8116530bd6b16533110de4b2a7a80a",
  "requiredSemantics": [
    "lute.core/1"
  ],
  "meta": {
    "id": "haven.s01ep05",
    "title": "The lookout"
  },
  "state": [
    {
      "path": "scene.choices.look",
      "type": "enum",
      "domain": [
        "shore",
        "leave",
        "unset"
      ],
      "default": "unset",
      "provenance": "branch:look"
    },
    {
      "path": "scene.visited.look.leave",
      "type": "bool",
      "default": false
    },
    {
      "path": "scene.visited.look.shore",
      "type": "bool",
      "default": false
    }
  ],
  "commands": [
    {
      "kind": "line",
      "family": "content",
      "position": "001-0100",
      "role": "dialogue",
      "speaker": "vesna",
      "text": "The fog is lifting.",
      "lineId": "haven.s01ep05.vesna_0010",
      "voiceKey": "haven.s01ep05.vesna-0010"
    },
    {
      "kind": "hub",
      "family": "control",
      "position": "001-0200",
      "id": "look",
      "selectionKey": "scene.choices.look",
      "options": [
        {
          "id": "shore",
          "text": "The shore",
          "lineId": "haven.s01ep05.look.shore",
          "once": true,
          "exit": false,
          "target": "001-0300"
        },
        {
          "id": "leave",
          "text": "Head back",
          "lineId": "haven.s01ep05.look.leave",
          "once": false,
          "exit": true,
          "target": "001-0400"
        }
      ],
      "converge": "001-0600",
      "prompt": "Where do you look?"
    },
    {
      "kind": "line",
      "family": "content",
      "position": "001-0300",
      "role": "dialogue",
      "speaker": "vesna",
      "text": "Nothing but driftwood.",
      "lineId": "haven.s01ep05.vesna_0020",
      "voiceKey": "haven.s01ep05.vesna-0020"
    },
    {
      "kind": "line",
      "family": "content",
      "position": "001-0400",
      "role": "dialogue",
      "speaker": "vesna",
      "text": "Let's go.",
      "lineId": "haven.s01ep05.vesna_0030",
      "voiceKey": "haven.s01ep05.vesna-0030"
    },
    {
      "kind": "jump",
      "family": "control",
      "position": "001-0500",
      "target": "001-0600"
    }
  ],
  "sections": [
    {
      "section": 1,
      "heading": "The ridge"
    }
  ],
  "outsideRun": [],
  "celEnv": {
    "variables": [],
    "functions": []
  }
}
