---
source: crates/lute-compile/tests/e2e.rs
expression: json
---
{
  "kind": "scene",
  "lute": "0.3.0",
  "irVersion": "0.3.0",
  "capabilityVersion": "b5187e53c769059a2413754ad831064a0383b51f79a4fbed268f2b484361f29d",
  "meta": {
    "character": "demo",
    "season": 1,
    "episode": 1,
    "episodeId": "s01ep01"
  },
  "state": [],
  "commands": [
    {
      "kind": "sprite",
      "addr": "001-0100",
      "character": "bianca",
      "action": "fade-in-up",
      "source": {
        "component": "greet"
      }
    },
    {
      "kind": "sprite",
      "addr": "001-0200",
      "character": "bianca",
      "anchor": "center",
      "provenance": {
        "injected": true,
        "by": "auto-anchor-on-show",
        "reason": "`bianca` shown without an explicit anchor; defaulting to `center`"
      },
      "source": {
        "component": "greet"
      }
    },
    {
      "kind": "line",
      "addr": "001-0300",
      "role": "narration",
      "speaker": "narrator",
      "text": "A familiar face steps into the light.",
      "lineId": "demo.s01ep01.narrator_0010",
      "source": {
        "component": "greet"
      }
    },
    {
      "kind": "line",
      "addr": "001-0400",
      "role": "narration",
      "speaker": "narrator",
      "text": "And the scene carries on.",
      "lineId": "demo.s01ep01.narrator_0020"
    }
  ]
}
