---
source: crates/lute-compile/tests/e2e.rs
expression: json
---
{
  "kind": "scene",
  "lute": "0.34.0",
  "irVersion": "0.34.0",
  "capabilityVersion": "f78bb8efcaab8c3ea4ccf1bbee976a80596a04b1aca59fbe74123abfa1f55225",
  "requiredSemantics": [
    "lute.core/1",
    "lute.occasions.selection/1",
    "lute.time.cadence/1"
  ],
  "meta": {
    "id": "hades.achilles.run12",
    "title": "A gift from Achilles",
    "beat": {
      "on": "talk",
      "target": "npc.achilles",
      "when": {
        "cel": "user.runs >= 10 && (user.patroclusNamed)",
        "expr": {
          "op": "&&",
          "l": {
            "op": ">=",
            "l": {
              "path": "user.runs"
            },
            "r": {
              "int": 10
            }
          },
          "r": {
            "path": "user.patroclusNamed"
          }
        },
        "authored": "user.runs >= 10 && @knowsName"
      },
      "priority": 50,
      "once": "user"
    }
  },
  "state": [
    {
      "path": "run.giftTaken",
      "type": "bool",
      "default": false
    },
    {
      "path": "scene.choices.gift",
      "type": "enum",
      "domain": [
        "accept",
        "refuse",
        "unset"
      ],
      "default": "unset",
      "provenance": "branch:gift"
    },
    {
      "path": "user.patroclusNamed",
      "type": "bool",
      "default": false
    },
    {
      "path": "user.runs",
      "type": "int",
      "default": 0
    }
  ],
  "commands": [
    {
      "kind": "line",
      "addr": "001-0100",
      "role": "dialogue",
      "speaker": "achilles",
      "text": "You've come back again, lad. Take this.",
      "lineId": "hades.achilles.run12.achilles_0010",
      "voiceKey": "hades.achilles.run12.achilles-0010"
    },
    {
      "kind": "choice",
      "addr": "001-0200",
      "branchId": "gift",
      "recordKey": "scene.choices.gift",
      "options": [
        {
          "id": "accept",
          "label": "Take it",
          "lineId": "hades.achilles.run12.gift.accept",
          "target": "001-0300"
        },
        {
          "id": "refuse",
          "label": "Not now",
          "lineId": "hades.achilles.run12.gift.refuse",
          "target": "001-0600"
        }
      ],
      "converge": "001-0800"
    },
    {
      "kind": "set",
      "addr": "001-0300",
      "path": "run.giftTaken",
      "op": "=",
      "value": {
        "cel": "true",
        "expr": {
          "bool": true
        }
      }
    },
    {
      "kind": "line",
      "addr": "001-0400",
      "role": "dialogue",
      "speaker": "achilles",
      "text": "Use it well.",
      "lineId": "hades.achilles.run12.achilles_0020",
      "voiceKey": "hades.achilles.run12.achilles-0020"
    },
    {
      "kind": "jump",
      "addr": "001-0500",
      "target": "001-0800"
    },
    {
      "kind": "line",
      "addr": "001-0600",
      "role": "dialogue",
      "speaker": "achilles",
      "text": "Suit yourself.",
      "lineId": "hades.achilles.run12.achilles_0030",
      "voiceKey": "hades.achilles.run12.achilles-0030"
    },
    {
      "kind": "jump",
      "addr": "001-0700",
      "target": "001-0800"
    }
  ],
  "shots": [
    {
      "shot": 1,
      "heading": "The gift"
    }
  ],
  "outsideRun": [],
  "celEnv": {
    "variables": [
      {
        "name": "user",
        "type": "map(string, dyn)"
      }
    ],
    "functions": []
  }
}
