---
source: crates/lute-check/tests/golden.rs
expression: res.resolved
---
commands_preview:
  - "::auto"
  - ":narrator"
  - "<branch id=\"number\"> (2 choices)"
  - ":marina"
timeline_tables: []
injections:
  - kind:
      SpriteLoad:
        character: marina
        emotion: delighted
    provenance:
      injected: true
      by: entry-emotion-lookahead
      explanation: "pre-loading `marina`'s first emotion `delighted` seen ahead of the entrance"
